nohup: ignoring input
============================================================
藏语文件翻译处理
严格按照用户需求:
1. 读取藏语文件（支持文本和JSON格式）
2. 使用muban.json作为翻译结果保存格式
3. leixing字段：文本文件为'不明'，JSON文件使用原type
4. 自动加id
5. 藏语原文是tibetan字段，翻译结果是chinese字段
6. 统计条数，时间统一写2025-12-29
7. 保存为JSON格式，和muban.json一样
8. 输出文件命名: '原藏语文件'_result.json
============================================================
使用命令行参数指定的文件: tibetan/oral_lhasa_071.json

加载文件: tibetan/oral_lhasa_071.json
成功加载JSON文件: tibetan/oral_lhasa_071.json
文件类型: oral_lhasa
藏语句子数量: 4500
总字符数: 226674
文件类型: oral_lhasa
找到 4500 行需要翻译

创建JSON模板...
创建初始文件...
✓ 初始文件已创建: results/oral_lhasa_071_result.json
  文件位置: /root/myproj/translate/results/oral_lhasa_071_result.json

开始翻译...
注意: 翻译过程可能需要较长时间，请耐心等待
首次运行可能会自动下载ChromeDriver
即时保存: 每翻译一条就保存一条到文件
============================================================
初始化翻译器...
检查必要的Python包...
✓ selenium已安装 (版本: 4.39.0)
✓ webdriver-manager已安装
正在自动下载和管理ChromeDriver...
✗ WebDriver初始化失败: Message: session not created: DevToolsActivePort file doesn't exist; For documentation on this error, please visit: https://www.selenium.dev/documentation/webdriver/troubleshooting/errors#sessionnotcreatedexception
Stacktrace:
#0 0x55e35884761a <unknown>
#1 0x55e3582c420b <unknown>
#2 0x55e3583035cb <unknown>
#3 0x55e3582ff78f <unknown>
#4 0x55e3582f9cc3 <unknown>
#5 0x55e35834985c <unknown>
#6 0x55e358348f7c <unknown>
#7 0x55e358308232 <unknown>
#8 0x55e358308ee1 <unknown>
#9 0x55e3588103f9 <unknown>
#10 0x55e35881334d <unknown>
#11 0x55e3587f9122 <unknown>
#12 0x55e358813f2b <unknown>
#13 0x55e3587dfc30 <unknown>
#14 0x55e358834d78 <unknown>
#15 0x55e358834f4c <unknown>
#16 0x55e358846973 <unknown>
#17 0x7fe37360a3fb start_thread


详细解决方案:
============================================================
1. 安装必要的Python包:
   pip install selenium webdriver-manager

2. 确保已安装Chrome浏览器:
   下载地址: https://www.google.com/chrome/

3. 如果已安装但仍有问题，尝试:
   - 更新Chrome浏览器到最新版本
   - 手动下载ChromeDriver: https://chromedriver.chromium.org/
   - 将chromedriver添加到系统PATH
============================================================
翻译过程中出错: 无法初始化WebDriver

请确保:
1. 已安装必要的Python包: pip install selenium webdriver-manager
2. 已安装Chrome浏览器
3. 网络连接正常
错误: 翻译过程失败，没有生成任何条目
